// Jest Snapshot v1, https://goo.gl/fbAQLP

exports[`create snapshot 1`] = `
<div
  className="search-container"
>
  <input
    className="search-input"
    id="search"
    onChange={[Function]}
    placeholder="test"
    type="search"
  />
</div>
`;
